[2024-10-06T15:21:08.767+0000] {processor.py:186} INFO - Started process (PID=87) to work on /opt/airflow/dags/ETL_toll_data.py
[2024-10-06T15:21:08.769+0000] {processor.py:914} INFO - Processing file /opt/airflow/dags/ETL_toll_data.py for tasks to queue
[2024-10-06T15:21:08.773+0000] {logging_mixin.py:190} INFO - [2024-10-06T15:21:08.773+0000] {dagbag.py:588} INFO - Filling up the DagBag from /opt/airflow/dags/ETL_toll_data.py
[2024-10-06T15:21:08.847+0000] {processor.py:925} INFO - DAG(s) 'ETL_toll_data' retrieved from /opt/airflow/dags/ETL_toll_data.py
[2024-10-06T15:21:09.055+0000] {logging_mixin.py:190} INFO - [2024-10-06T15:21:09.053+0000] {override.py:1900} INFO - Created Permission View: can read on DAG:ETL_toll_data
[2024-10-06T15:21:09.128+0000] {logging_mixin.py:190} INFO - [2024-10-06T15:21:09.126+0000] {override.py:1900} INFO - Created Permission View: can edit on DAG:ETL_toll_data
[2024-10-06T15:21:09.221+0000] {logging_mixin.py:190} INFO - [2024-10-06T15:21:09.220+0000] {override.py:1900} INFO - Created Permission View: can delete on DAG:ETL_toll_data
[2024-10-06T15:21:09.332+0000] {logging_mixin.py:190} INFO - [2024-10-06T15:21:09.331+0000] {override.py:1900} INFO - Created Permission View: can read on DAG Run:ETL_toll_data
[2024-10-06T15:21:09.402+0000] {logging_mixin.py:190} INFO - [2024-10-06T15:21:09.401+0000] {override.py:1900} INFO - Created Permission View: can create on DAG Run:ETL_toll_data
[2024-10-06T15:21:09.458+0000] {logging_mixin.py:190} INFO - [2024-10-06T15:21:09.457+0000] {override.py:1900} INFO - Created Permission View: can delete on DAG Run:ETL_toll_data
[2024-10-06T15:21:09.508+0000] {logging_mixin.py:190} INFO - [2024-10-06T15:21:09.508+0000] {override.py:1900} INFO - Created Permission View: menu access on DAG Run:ETL_toll_data
[2024-10-06T15:21:09.509+0000] {logging_mixin.py:190} INFO - [2024-10-06T15:21:09.509+0000] {dag.py:3239} INFO - Sync 1 DAGs
[2024-10-06T15:21:09.536+0000] {logging_mixin.py:190} INFO - [2024-10-06T15:21:09.536+0000] {dag.py:3262} INFO - Creating ORM DAG for ETL_toll_data
[2024-10-06T15:21:09.551+0000] {logging_mixin.py:190} INFO - [2024-10-06T15:21:09.551+0000] {dag.py:4180} INFO - Setting next_dagrun for ETL_toll_data to 2024-10-06 00:00:00+00:00, run_after=2024-10-07 00:00:00+00:00
[2024-10-06T15:21:09.638+0000] {processor.py:208} INFO - Processing /opt/airflow/dags/ETL_toll_data.py took 0.879 seconds
[2024-10-06T15:21:39.838+0000] {processor.py:186} INFO - Started process (PID=88) to work on /opt/airflow/dags/ETL_toll_data.py
[2024-10-06T15:21:39.840+0000] {processor.py:914} INFO - Processing file /opt/airflow/dags/ETL_toll_data.py for tasks to queue
[2024-10-06T15:21:39.843+0000] {logging_mixin.py:190} INFO - [2024-10-06T15:21:39.842+0000] {dagbag.py:588} INFO - Filling up the DagBag from /opt/airflow/dags/ETL_toll_data.py
[2024-10-06T15:21:39.888+0000] {processor.py:925} INFO - DAG(s) 'ETL_toll_data' retrieved from /opt/airflow/dags/ETL_toll_data.py
[2024-10-06T15:21:39.932+0000] {logging_mixin.py:190} INFO - [2024-10-06T15:21:39.932+0000] {dag.py:3239} INFO - Sync 1 DAGs
[2024-10-06T15:21:39.969+0000] {logging_mixin.py:190} INFO - [2024-10-06T15:21:39.969+0000] {dag.py:4180} INFO - Setting next_dagrun for ETL_toll_data to 2024-10-06 00:00:00+00:00, run_after=2024-10-07 00:00:00+00:00
[2024-10-06T15:21:40.071+0000] {processor.py:208} INFO - Processing /opt/airflow/dags/ETL_toll_data.py took 0.238 seconds
[2024-10-06T15:22:11.284+0000] {processor.py:186} INFO - Started process (PID=89) to work on /opt/airflow/dags/ETL_toll_data.py
[2024-10-06T15:22:11.286+0000] {processor.py:914} INFO - Processing file /opt/airflow/dags/ETL_toll_data.py for tasks to queue
[2024-10-06T15:22:11.290+0000] {logging_mixin.py:190} INFO - [2024-10-06T15:22:11.289+0000] {dagbag.py:588} INFO - Filling up the DagBag from /opt/airflow/dags/ETL_toll_data.py
[2024-10-06T15:22:11.331+0000] {processor.py:925} INFO - DAG(s) 'ETL_toll_data' retrieved from /opt/airflow/dags/ETL_toll_data.py
[2024-10-06T15:22:11.372+0000] {logging_mixin.py:190} INFO - [2024-10-06T15:22:11.371+0000] {dag.py:3239} INFO - Sync 1 DAGs
[2024-10-06T15:22:11.403+0000] {logging_mixin.py:190} INFO - [2024-10-06T15:22:11.403+0000] {dag.py:4180} INFO - Setting next_dagrun for ETL_toll_data to 2024-10-06 00:00:00+00:00, run_after=2024-10-07 00:00:00+00:00
[2024-10-06T15:22:11.505+0000] {processor.py:208} INFO - Processing /opt/airflow/dags/ETL_toll_data.py took 0.228 seconds
[2024-10-06T15:22:42.787+0000] {processor.py:186} INFO - Started process (PID=90) to work on /opt/airflow/dags/ETL_toll_data.py
[2024-10-06T15:22:42.789+0000] {processor.py:914} INFO - Processing file /opt/airflow/dags/ETL_toll_data.py for tasks to queue
[2024-10-06T15:22:42.792+0000] {logging_mixin.py:190} INFO - [2024-10-06T15:22:42.792+0000] {dagbag.py:588} INFO - Filling up the DagBag from /opt/airflow/dags/ETL_toll_data.py
[2024-10-06T15:22:42.837+0000] {processor.py:925} INFO - DAG(s) 'ETL_toll_data' retrieved from /opt/airflow/dags/ETL_toll_data.py
[2024-10-06T15:22:42.886+0000] {logging_mixin.py:190} INFO - [2024-10-06T15:22:42.886+0000] {dag.py:3239} INFO - Sync 1 DAGs
[2024-10-06T15:22:42.928+0000] {logging_mixin.py:190} INFO - [2024-10-06T15:22:42.928+0000] {dag.py:4180} INFO - Setting next_dagrun for ETL_toll_data to 2024-10-06 00:00:00+00:00, run_after=2024-10-07 00:00:00+00:00
[2024-10-06T15:22:43.032+0000] {processor.py:208} INFO - Processing /opt/airflow/dags/ETL_toll_data.py took 0.252 seconds
[2024-10-06T15:23:13.869+0000] {processor.py:186} INFO - Started process (PID=91) to work on /opt/airflow/dags/ETL_toll_data.py
[2024-10-06T15:23:13.871+0000] {processor.py:914} INFO - Processing file /opt/airflow/dags/ETL_toll_data.py for tasks to queue
[2024-10-06T15:23:13.875+0000] {logging_mixin.py:190} INFO - [2024-10-06T15:23:13.874+0000] {dagbag.py:588} INFO - Filling up the DagBag from /opt/airflow/dags/ETL_toll_data.py
[2024-10-06T15:23:13.927+0000] {processor.py:925} INFO - DAG(s) 'ETL_toll_data' retrieved from /opt/airflow/dags/ETL_toll_data.py
[2024-10-06T15:23:13.982+0000] {logging_mixin.py:190} INFO - [2024-10-06T15:23:13.982+0000] {dag.py:3239} INFO - Sync 1 DAGs
[2024-10-06T15:23:14.029+0000] {logging_mixin.py:190} INFO - [2024-10-06T15:23:14.029+0000] {dag.py:4180} INFO - Setting next_dagrun for ETL_toll_data to 2024-10-06 00:00:00+00:00, run_after=2024-10-07 00:00:00+00:00
[2024-10-06T15:23:14.179+0000] {processor.py:208} INFO - Processing /opt/airflow/dags/ETL_toll_data.py took 0.316 seconds
[2024-10-06T15:23:44.511+0000] {processor.py:186} INFO - Started process (PID=92) to work on /opt/airflow/dags/ETL_toll_data.py
[2024-10-06T15:23:44.513+0000] {processor.py:914} INFO - Processing file /opt/airflow/dags/ETL_toll_data.py for tasks to queue
[2024-10-06T15:23:44.516+0000] {logging_mixin.py:190} INFO - [2024-10-06T15:23:44.516+0000] {dagbag.py:588} INFO - Filling up the DagBag from /opt/airflow/dags/ETL_toll_data.py
[2024-10-06T15:23:44.562+0000] {processor.py:925} INFO - DAG(s) 'ETL_toll_data' retrieved from /opt/airflow/dags/ETL_toll_data.py
[2024-10-06T15:23:44.607+0000] {logging_mixin.py:190} INFO - [2024-10-06T15:23:44.606+0000] {dag.py:3239} INFO - Sync 1 DAGs
[2024-10-06T15:23:44.640+0000] {logging_mixin.py:190} INFO - [2024-10-06T15:23:44.639+0000] {dag.py:4180} INFO - Setting next_dagrun for ETL_toll_data to 2024-10-06 00:00:00+00:00, run_after=2024-10-07 00:00:00+00:00
[2024-10-06T15:23:44.754+0000] {processor.py:208} INFO - Processing /opt/airflow/dags/ETL_toll_data.py took 0.250 seconds
[2024-10-06T15:24:15.314+0000] {processor.py:186} INFO - Started process (PID=93) to work on /opt/airflow/dags/ETL_toll_data.py
[2024-10-06T15:24:15.316+0000] {processor.py:914} INFO - Processing file /opt/airflow/dags/ETL_toll_data.py for tasks to queue
[2024-10-06T15:24:15.319+0000] {logging_mixin.py:190} INFO - [2024-10-06T15:24:15.319+0000] {dagbag.py:588} INFO - Filling up the DagBag from /opt/airflow/dags/ETL_toll_data.py
[2024-10-06T15:24:15.370+0000] {processor.py:925} INFO - DAG(s) 'ETL_toll_data' retrieved from /opt/airflow/dags/ETL_toll_data.py
[2024-10-06T15:24:15.415+0000] {logging_mixin.py:190} INFO - [2024-10-06T15:24:15.414+0000] {dag.py:3239} INFO - Sync 1 DAGs
[2024-10-06T15:24:15.458+0000] {logging_mixin.py:190} INFO - [2024-10-06T15:24:15.458+0000] {dag.py:4180} INFO - Setting next_dagrun for ETL_toll_data to 2024-10-06 00:00:00+00:00, run_after=2024-10-07 00:00:00+00:00
[2024-10-06T15:24:15.554+0000] {processor.py:208} INFO - Processing /opt/airflow/dags/ETL_toll_data.py took 0.247 seconds
[2024-10-06T15:24:46.133+0000] {processor.py:186} INFO - Started process (PID=94) to work on /opt/airflow/dags/ETL_toll_data.py
[2024-10-06T15:24:46.135+0000] {processor.py:914} INFO - Processing file /opt/airflow/dags/ETL_toll_data.py for tasks to queue
[2024-10-06T15:24:46.138+0000] {logging_mixin.py:190} INFO - [2024-10-06T15:24:46.138+0000] {dagbag.py:588} INFO - Filling up the DagBag from /opt/airflow/dags/ETL_toll_data.py
[2024-10-06T15:24:46.193+0000] {processor.py:925} INFO - DAG(s) 'ETL_toll_data' retrieved from /opt/airflow/dags/ETL_toll_data.py
[2024-10-06T15:24:46.251+0000] {logging_mixin.py:190} INFO - [2024-10-06T15:24:46.251+0000] {dag.py:3239} INFO - Sync 1 DAGs
[2024-10-06T15:24:46.293+0000] {logging_mixin.py:190} INFO - [2024-10-06T15:24:46.293+0000] {dag.py:4180} INFO - Setting next_dagrun for ETL_toll_data to 2024-10-06 00:00:00+00:00, run_after=2024-10-07 00:00:00+00:00
[2024-10-06T15:24:46.459+0000] {processor.py:208} INFO - Processing /opt/airflow/dags/ETL_toll_data.py took 0.332 seconds
[2024-10-06T15:25:17.039+0000] {processor.py:186} INFO - Started process (PID=95) to work on /opt/airflow/dags/ETL_toll_data.py
[2024-10-06T15:25:17.041+0000] {processor.py:914} INFO - Processing file /opt/airflow/dags/ETL_toll_data.py for tasks to queue
[2024-10-06T15:25:17.044+0000] {logging_mixin.py:190} INFO - [2024-10-06T15:25:17.044+0000] {dagbag.py:588} INFO - Filling up the DagBag from /opt/airflow/dags/ETL_toll_data.py
[2024-10-06T15:25:17.086+0000] {processor.py:925} INFO - DAG(s) 'ETL_toll_data' retrieved from /opt/airflow/dags/ETL_toll_data.py
[2024-10-06T15:25:17.123+0000] {logging_mixin.py:190} INFO - [2024-10-06T15:25:17.123+0000] {dag.py:3239} INFO - Sync 1 DAGs
[2024-10-06T15:25:17.157+0000] {logging_mixin.py:190} INFO - [2024-10-06T15:25:17.156+0000] {dag.py:4180} INFO - Setting next_dagrun for ETL_toll_data to 2024-10-06 00:00:00+00:00, run_after=2024-10-07 00:00:00+00:00
[2024-10-06T15:25:17.246+0000] {processor.py:208} INFO - Processing /opt/airflow/dags/ETL_toll_data.py took 0.213 seconds
[2024-10-06T15:25:47.685+0000] {processor.py:186} INFO - Started process (PID=96) to work on /opt/airflow/dags/ETL_toll_data.py
[2024-10-06T15:25:47.688+0000] {processor.py:914} INFO - Processing file /opt/airflow/dags/ETL_toll_data.py for tasks to queue
[2024-10-06T15:25:47.691+0000] {logging_mixin.py:190} INFO - [2024-10-06T15:25:47.690+0000] {dagbag.py:588} INFO - Filling up the DagBag from /opt/airflow/dags/ETL_toll_data.py
[2024-10-06T15:25:47.760+0000] {processor.py:925} INFO - DAG(s) 'ETL_toll_data' retrieved from /opt/airflow/dags/ETL_toll_data.py
[2024-10-06T15:25:47.820+0000] {logging_mixin.py:190} INFO - [2024-10-06T15:25:47.819+0000] {dag.py:3239} INFO - Sync 1 DAGs
[2024-10-06T15:25:47.859+0000] {logging_mixin.py:190} INFO - [2024-10-06T15:25:47.858+0000] {dag.py:4180} INFO - Setting next_dagrun for ETL_toll_data to 2024-10-06 00:00:00+00:00, run_after=2024-10-07 00:00:00+00:00
[2024-10-06T15:25:47.983+0000] {processor.py:208} INFO - Processing /opt/airflow/dags/ETL_toll_data.py took 0.305 seconds
[2024-10-06T15:26:18.186+0000] {processor.py:186} INFO - Started process (PID=97) to work on /opt/airflow/dags/ETL_toll_data.py
[2024-10-06T15:26:18.187+0000] {processor.py:914} INFO - Processing file /opt/airflow/dags/ETL_toll_data.py for tasks to queue
[2024-10-06T15:26:18.190+0000] {logging_mixin.py:190} INFO - [2024-10-06T15:26:18.190+0000] {dagbag.py:588} INFO - Filling up the DagBag from /opt/airflow/dags/ETL_toll_data.py
[2024-10-06T15:26:18.209+0000] {processor.py:925} INFO - DAG(s) 'ETL_toll_data' retrieved from /opt/airflow/dags/ETL_toll_data.py
[2024-10-06T15:26:18.238+0000] {logging_mixin.py:190} INFO - [2024-10-06T15:26:18.238+0000] {dag.py:3239} INFO - Sync 1 DAGs
[2024-10-06T15:26:18.267+0000] {logging_mixin.py:190} INFO - [2024-10-06T15:26:18.266+0000] {dag.py:4180} INFO - Setting next_dagrun for ETL_toll_data to 2024-10-06 00:00:00+00:00, run_after=2024-10-07 00:00:00+00:00
[2024-10-06T15:26:18.428+0000] {processor.py:208} INFO - Processing /opt/airflow/dags/ETL_toll_data.py took 0.247 seconds
[2024-10-06T15:26:48.940+0000] {processor.py:186} INFO - Started process (PID=98) to work on /opt/airflow/dags/ETL_toll_data.py
[2024-10-06T15:26:48.942+0000] {processor.py:914} INFO - Processing file /opt/airflow/dags/ETL_toll_data.py for tasks to queue
[2024-10-06T15:26:48.945+0000] {logging_mixin.py:190} INFO - [2024-10-06T15:26:48.945+0000] {dagbag.py:588} INFO - Filling up the DagBag from /opt/airflow/dags/ETL_toll_data.py
[2024-10-06T15:26:49.004+0000] {processor.py:925} INFO - DAG(s) 'ETL_toll_data' retrieved from /opt/airflow/dags/ETL_toll_data.py
[2024-10-06T15:26:49.055+0000] {logging_mixin.py:190} INFO - [2024-10-06T15:26:49.054+0000] {dag.py:3239} INFO - Sync 1 DAGs
[2024-10-06T15:26:49.096+0000] {logging_mixin.py:190} INFO - [2024-10-06T15:26:49.095+0000] {dag.py:4180} INFO - Setting next_dagrun for ETL_toll_data to 2024-10-06 00:00:00+00:00, run_after=2024-10-07 00:00:00+00:00
[2024-10-06T15:26:49.250+0000] {processor.py:208} INFO - Processing /opt/airflow/dags/ETL_toll_data.py took 0.318 seconds
[2024-10-06T15:27:19.808+0000] {processor.py:186} INFO - Started process (PID=99) to work on /opt/airflow/dags/ETL_toll_data.py
[2024-10-06T15:27:19.810+0000] {processor.py:914} INFO - Processing file /opt/airflow/dags/ETL_toll_data.py for tasks to queue
[2024-10-06T15:27:19.813+0000] {logging_mixin.py:190} INFO - [2024-10-06T15:27:19.813+0000] {dagbag.py:588} INFO - Filling up the DagBag from /opt/airflow/dags/ETL_toll_data.py
[2024-10-06T15:27:19.866+0000] {processor.py:925} INFO - DAG(s) 'ETL_toll_data' retrieved from /opt/airflow/dags/ETL_toll_data.py
[2024-10-06T15:27:19.921+0000] {logging_mixin.py:190} INFO - [2024-10-06T15:27:19.921+0000] {dag.py:3239} INFO - Sync 1 DAGs
[2024-10-06T15:27:19.967+0000] {logging_mixin.py:190} INFO - [2024-10-06T15:27:19.966+0000] {dag.py:4180} INFO - Setting next_dagrun for ETL_toll_data to 2024-10-06 00:00:00+00:00, run_after=2024-10-07 00:00:00+00:00
[2024-10-06T15:27:20.104+0000] {processor.py:208} INFO - Processing /opt/airflow/dags/ETL_toll_data.py took 0.303 seconds
[2024-10-06T15:27:50.518+0000] {processor.py:186} INFO - Started process (PID=100) to work on /opt/airflow/dags/ETL_toll_data.py
[2024-10-06T15:27:50.520+0000] {processor.py:914} INFO - Processing file /opt/airflow/dags/ETL_toll_data.py for tasks to queue
[2024-10-06T15:27:50.523+0000] {logging_mixin.py:190} INFO - [2024-10-06T15:27:50.523+0000] {dagbag.py:588} INFO - Filling up the DagBag from /opt/airflow/dags/ETL_toll_data.py
[2024-10-06T15:27:50.573+0000] {processor.py:925} INFO - DAG(s) 'ETL_toll_data' retrieved from /opt/airflow/dags/ETL_toll_data.py
[2024-10-06T15:27:50.621+0000] {logging_mixin.py:190} INFO - [2024-10-06T15:27:50.620+0000] {dag.py:3239} INFO - Sync 1 DAGs
[2024-10-06T15:27:50.656+0000] {logging_mixin.py:190} INFO - [2024-10-06T15:27:50.656+0000] {dag.py:4180} INFO - Setting next_dagrun for ETL_toll_data to 2024-10-06 00:00:00+00:00, run_after=2024-10-07 00:00:00+00:00
[2024-10-06T15:27:50.763+0000] {processor.py:208} INFO - Processing /opt/airflow/dags/ETL_toll_data.py took 0.251 seconds
[2024-10-06T15:28:20.979+0000] {processor.py:186} INFO - Started process (PID=101) to work on /opt/airflow/dags/ETL_toll_data.py
[2024-10-06T15:28:20.981+0000] {processor.py:914} INFO - Processing file /opt/airflow/dags/ETL_toll_data.py for tasks to queue
[2024-10-06T15:28:20.984+0000] {logging_mixin.py:190} INFO - [2024-10-06T15:28:20.984+0000] {dagbag.py:588} INFO - Filling up the DagBag from /opt/airflow/dags/ETL_toll_data.py
[2024-10-06T15:28:21.035+0000] {processor.py:925} INFO - DAG(s) 'ETL_toll_data' retrieved from /opt/airflow/dags/ETL_toll_data.py
[2024-10-06T15:28:21.093+0000] {logging_mixin.py:190} INFO - [2024-10-06T15:28:21.093+0000] {dag.py:3239} INFO - Sync 1 DAGs
[2024-10-06T15:28:21.138+0000] {logging_mixin.py:190} INFO - [2024-10-06T15:28:21.137+0000] {dag.py:4180} INFO - Setting next_dagrun for ETL_toll_data to 2024-10-06 00:00:00+00:00, run_after=2024-10-07 00:00:00+00:00
[2024-10-06T15:28:21.256+0000] {processor.py:208} INFO - Processing /opt/airflow/dags/ETL_toll_data.py took 0.282 seconds
[2024-10-06T15:28:51.731+0000] {processor.py:186} INFO - Started process (PID=102) to work on /opt/airflow/dags/ETL_toll_data.py
[2024-10-06T15:28:51.733+0000] {processor.py:914} INFO - Processing file /opt/airflow/dags/ETL_toll_data.py for tasks to queue
[2024-10-06T15:28:51.736+0000] {logging_mixin.py:190} INFO - [2024-10-06T15:28:51.735+0000] {dagbag.py:588} INFO - Filling up the DagBag from /opt/airflow/dags/ETL_toll_data.py
[2024-10-06T15:28:51.785+0000] {processor.py:925} INFO - DAG(s) 'ETL_toll_data' retrieved from /opt/airflow/dags/ETL_toll_data.py
[2024-10-06T15:28:51.833+0000] {logging_mixin.py:190} INFO - [2024-10-06T15:28:51.833+0000] {dag.py:3239} INFO - Sync 1 DAGs
[2024-10-06T15:28:51.873+0000] {logging_mixin.py:190} INFO - [2024-10-06T15:28:51.873+0000] {dag.py:4180} INFO - Setting next_dagrun for ETL_toll_data to 2024-10-06 00:00:00+00:00, run_after=2024-10-07 00:00:00+00:00
[2024-10-06T15:28:51.982+0000] {processor.py:208} INFO - Processing /opt/airflow/dags/ETL_toll_data.py took 0.257 seconds
[2024-10-06T15:29:22.301+0000] {processor.py:186} INFO - Started process (PID=103) to work on /opt/airflow/dags/ETL_toll_data.py
[2024-10-06T15:29:22.304+0000] {processor.py:914} INFO - Processing file /opt/airflow/dags/ETL_toll_data.py for tasks to queue
[2024-10-06T15:29:22.307+0000] {logging_mixin.py:190} INFO - [2024-10-06T15:29:22.307+0000] {dagbag.py:588} INFO - Filling up the DagBag from /opt/airflow/dags/ETL_toll_data.py
[2024-10-06T15:29:22.347+0000] {processor.py:925} INFO - DAG(s) 'ETL_toll_data' retrieved from /opt/airflow/dags/ETL_toll_data.py
[2024-10-06T15:29:22.391+0000] {logging_mixin.py:190} INFO - [2024-10-06T15:29:22.391+0000] {dag.py:3239} INFO - Sync 1 DAGs
[2024-10-06T15:29:22.432+0000] {logging_mixin.py:190} INFO - [2024-10-06T15:29:22.432+0000] {dag.py:4180} INFO - Setting next_dagrun for ETL_toll_data to 2024-10-06 00:00:00+00:00, run_after=2024-10-07 00:00:00+00:00
[2024-10-06T15:29:22.548+0000] {processor.py:208} INFO - Processing /opt/airflow/dags/ETL_toll_data.py took 0.254 seconds
[2024-10-06T15:29:52.716+0000] {processor.py:186} INFO - Started process (PID=104) to work on /opt/airflow/dags/ETL_toll_data.py
[2024-10-06T15:29:52.718+0000] {processor.py:914} INFO - Processing file /opt/airflow/dags/ETL_toll_data.py for tasks to queue
[2024-10-06T15:29:52.721+0000] {logging_mixin.py:190} INFO - [2024-10-06T15:29:52.721+0000] {dagbag.py:588} INFO - Filling up the DagBag from /opt/airflow/dags/ETL_toll_data.py
[2024-10-06T15:29:52.757+0000] {processor.py:925} INFO - DAG(s) 'ETL_toll_data' retrieved from /opt/airflow/dags/ETL_toll_data.py
[2024-10-06T15:29:52.804+0000] {logging_mixin.py:190} INFO - [2024-10-06T15:29:52.804+0000] {dag.py:3239} INFO - Sync 1 DAGs
[2024-10-06T15:29:52.843+0000] {logging_mixin.py:190} INFO - [2024-10-06T15:29:52.842+0000] {dag.py:4180} INFO - Setting next_dagrun for ETL_toll_data to 2024-10-06 00:00:00+00:00, run_after=2024-10-07 00:00:00+00:00
[2024-10-06T15:29:52.929+0000] {processor.py:208} INFO - Processing /opt/airflow/dags/ETL_toll_data.py took 0.218 seconds
[2024-10-06T15:30:23.135+0000] {processor.py:186} INFO - Started process (PID=105) to work on /opt/airflow/dags/ETL_toll_data.py
[2024-10-06T15:30:23.137+0000] {processor.py:914} INFO - Processing file /opt/airflow/dags/ETL_toll_data.py for tasks to queue
[2024-10-06T15:30:23.139+0000] {logging_mixin.py:190} INFO - [2024-10-06T15:30:23.139+0000] {dagbag.py:588} INFO - Filling up the DagBag from /opt/airflow/dags/ETL_toll_data.py
[2024-10-06T15:30:23.184+0000] {processor.py:925} INFO - DAG(s) 'ETL_toll_data' retrieved from /opt/airflow/dags/ETL_toll_data.py
[2024-10-06T15:30:23.223+0000] {logging_mixin.py:190} INFO - [2024-10-06T15:30:23.222+0000] {dag.py:3239} INFO - Sync 1 DAGs
[2024-10-06T15:30:23.247+0000] {logging_mixin.py:190} INFO - [2024-10-06T15:30:23.247+0000] {dag.py:4180} INFO - Setting next_dagrun for ETL_toll_data to 2024-10-06 00:00:00+00:00, run_after=2024-10-07 00:00:00+00:00
[2024-10-06T15:30:23.320+0000] {processor.py:208} INFO - Processing /opt/airflow/dags/ETL_toll_data.py took 0.193 seconds
[2024-10-06T15:30:53.688+0000] {processor.py:186} INFO - Started process (PID=122) to work on /opt/airflow/dags/ETL_toll_data.py
[2024-10-06T15:30:53.689+0000] {processor.py:914} INFO - Processing file /opt/airflow/dags/ETL_toll_data.py for tasks to queue
[2024-10-06T15:30:53.692+0000] {logging_mixin.py:190} INFO - [2024-10-06T15:30:53.692+0000] {dagbag.py:588} INFO - Filling up the DagBag from /opt/airflow/dags/ETL_toll_data.py
[2024-10-06T15:30:53.727+0000] {processor.py:925} INFO - DAG(s) 'ETL_toll_data' retrieved from /opt/airflow/dags/ETL_toll_data.py
[2024-10-06T15:30:53.764+0000] {logging_mixin.py:190} INFO - [2024-10-06T15:30:53.763+0000] {dag.py:3239} INFO - Sync 1 DAGs
[2024-10-06T15:30:53.808+0000] {logging_mixin.py:190} INFO - [2024-10-06T15:30:53.807+0000] {dag.py:4180} INFO - Setting next_dagrun for ETL_toll_data to 2024-10-06 00:00:00+00:00, run_after=2024-10-07 00:00:00+00:00
[2024-10-06T15:30:53.927+0000] {processor.py:208} INFO - Processing /opt/airflow/dags/ETL_toll_data.py took 0.245 seconds
[2024-10-06T15:31:24.545+0000] {processor.py:186} INFO - Started process (PID=123) to work on /opt/airflow/dags/ETL_toll_data.py
[2024-10-06T15:31:24.546+0000] {processor.py:914} INFO - Processing file /opt/airflow/dags/ETL_toll_data.py for tasks to queue
[2024-10-06T15:31:24.551+0000] {logging_mixin.py:190} INFO - [2024-10-06T15:31:24.550+0000] {dagbag.py:588} INFO - Filling up the DagBag from /opt/airflow/dags/ETL_toll_data.py
[2024-10-06T15:31:24.592+0000] {processor.py:925} INFO - DAG(s) 'ETL_toll_data' retrieved from /opt/airflow/dags/ETL_toll_data.py
[2024-10-06T15:31:24.648+0000] {logging_mixin.py:190} INFO - [2024-10-06T15:31:24.647+0000] {dag.py:3239} INFO - Sync 1 DAGs
[2024-10-06T15:31:24.690+0000] {logging_mixin.py:190} INFO - [2024-10-06T15:31:24.690+0000] {dag.py:4180} INFO - Setting next_dagrun for ETL_toll_data to 2024-10-06 00:00:00+00:00, run_after=2024-10-07 00:00:00+00:00
[2024-10-06T15:31:24.807+0000] {processor.py:208} INFO - Processing /opt/airflow/dags/ETL_toll_data.py took 0.270 seconds
[2024-10-06T15:31:55.567+0000] {processor.py:186} INFO - Started process (PID=124) to work on /opt/airflow/dags/ETL_toll_data.py
[2024-10-06T15:31:55.568+0000] {processor.py:914} INFO - Processing file /opt/airflow/dags/ETL_toll_data.py for tasks to queue
[2024-10-06T15:31:55.572+0000] {logging_mixin.py:190} INFO - [2024-10-06T15:31:55.571+0000] {dagbag.py:588} INFO - Filling up the DagBag from /opt/airflow/dags/ETL_toll_data.py
[2024-10-06T15:31:55.627+0000] {processor.py:925} INFO - DAG(s) 'ETL_toll_data' retrieved from /opt/airflow/dags/ETL_toll_data.py
[2024-10-06T15:31:55.676+0000] {logging_mixin.py:190} INFO - [2024-10-06T15:31:55.676+0000] {dag.py:3239} INFO - Sync 1 DAGs
[2024-10-06T15:31:55.739+0000] {logging_mixin.py:190} INFO - [2024-10-06T15:31:55.739+0000] {dag.py:4180} INFO - Setting next_dagrun for ETL_toll_data to 2024-10-06 00:00:00+00:00, run_after=2024-10-07 00:00:00+00:00
[2024-10-06T15:31:55.867+0000] {processor.py:208} INFO - Processing /opt/airflow/dags/ETL_toll_data.py took 0.308 seconds
[2024-10-06T15:32:26.034+0000] {processor.py:186} INFO - Started process (PID=125) to work on /opt/airflow/dags/ETL_toll_data.py
[2024-10-06T15:32:26.035+0000] {processor.py:914} INFO - Processing file /opt/airflow/dags/ETL_toll_data.py for tasks to queue
[2024-10-06T15:32:26.038+0000] {logging_mixin.py:190} INFO - [2024-10-06T15:32:26.038+0000] {dagbag.py:588} INFO - Filling up the DagBag from /opt/airflow/dags/ETL_toll_data.py
[2024-10-06T15:32:26.090+0000] {processor.py:925} INFO - DAG(s) 'ETL_toll_data' retrieved from /opt/airflow/dags/ETL_toll_data.py
[2024-10-06T15:32:26.141+0000] {logging_mixin.py:190} INFO - [2024-10-06T15:32:26.141+0000] {dag.py:3239} INFO - Sync 1 DAGs
[2024-10-06T15:32:26.183+0000] {logging_mixin.py:190} INFO - [2024-10-06T15:32:26.183+0000] {dag.py:4180} INFO - Setting next_dagrun for ETL_toll_data to 2024-10-06 00:00:00+00:00, run_after=2024-10-07 00:00:00+00:00
[2024-10-06T15:32:26.294+0000] {processor.py:208} INFO - Processing /opt/airflow/dags/ETL_toll_data.py took 0.266 seconds
[2024-10-06T15:32:57.042+0000] {processor.py:186} INFO - Started process (PID=126) to work on /opt/airflow/dags/ETL_toll_data.py
[2024-10-06T15:32:57.044+0000] {processor.py:914} INFO - Processing file /opt/airflow/dags/ETL_toll_data.py for tasks to queue
[2024-10-06T15:32:57.047+0000] {logging_mixin.py:190} INFO - [2024-10-06T15:32:57.047+0000] {dagbag.py:588} INFO - Filling up the DagBag from /opt/airflow/dags/ETL_toll_data.py
[2024-10-06T15:32:57.110+0000] {processor.py:925} INFO - DAG(s) 'ETL_toll_data' retrieved from /opt/airflow/dags/ETL_toll_data.py
[2024-10-06T15:32:57.166+0000] {logging_mixin.py:190} INFO - [2024-10-06T15:32:57.165+0000] {dag.py:3239} INFO - Sync 1 DAGs
[2024-10-06T15:32:57.221+0000] {logging_mixin.py:190} INFO - [2024-10-06T15:32:57.221+0000] {dag.py:4180} INFO - Setting next_dagrun for ETL_toll_data to 2024-10-06 00:00:00+00:00, run_after=2024-10-07 00:00:00+00:00
[2024-10-06T15:32:57.332+0000] {processor.py:208} INFO - Processing /opt/airflow/dags/ETL_toll_data.py took 0.297 seconds
[2024-10-06T15:33:28.095+0000] {processor.py:186} INFO - Started process (PID=127) to work on /opt/airflow/dags/ETL_toll_data.py
[2024-10-06T15:33:28.097+0000] {processor.py:914} INFO - Processing file /opt/airflow/dags/ETL_toll_data.py for tasks to queue
[2024-10-06T15:33:28.101+0000] {logging_mixin.py:190} INFO - [2024-10-06T15:33:28.101+0000] {dagbag.py:588} INFO - Filling up the DagBag from /opt/airflow/dags/ETL_toll_data.py
[2024-10-06T15:33:28.167+0000] {processor.py:925} INFO - DAG(s) 'ETL_toll_data' retrieved from /opt/airflow/dags/ETL_toll_data.py
[2024-10-06T15:33:28.233+0000] {logging_mixin.py:190} INFO - [2024-10-06T15:33:28.232+0000] {dag.py:3239} INFO - Sync 1 DAGs
[2024-10-06T15:33:28.274+0000] {logging_mixin.py:190} INFO - [2024-10-06T15:33:28.273+0000] {dag.py:4180} INFO - Setting next_dagrun for ETL_toll_data to 2024-10-06 00:00:00+00:00, run_after=2024-10-07 00:00:00+00:00
[2024-10-06T15:33:28.374+0000] {processor.py:208} INFO - Processing /opt/airflow/dags/ETL_toll_data.py took 0.288 seconds
[2024-10-06T15:33:58.822+0000] {processor.py:186} INFO - Started process (PID=128) to work on /opt/airflow/dags/ETL_toll_data.py
[2024-10-06T15:33:58.824+0000] {processor.py:914} INFO - Processing file /opt/airflow/dags/ETL_toll_data.py for tasks to queue
[2024-10-06T15:33:58.828+0000] {logging_mixin.py:190} INFO - [2024-10-06T15:33:58.827+0000] {dagbag.py:588} INFO - Filling up the DagBag from /opt/airflow/dags/ETL_toll_data.py
[2024-10-06T15:33:58.866+0000] {processor.py:925} INFO - DAG(s) 'ETL_toll_data' retrieved from /opt/airflow/dags/ETL_toll_data.py
[2024-10-06T15:33:58.916+0000] {logging_mixin.py:190} INFO - [2024-10-06T15:33:58.915+0000] {dag.py:3239} INFO - Sync 1 DAGs
[2024-10-06T15:33:58.955+0000] {logging_mixin.py:190} INFO - [2024-10-06T15:33:58.955+0000] {dag.py:4180} INFO - Setting next_dagrun for ETL_toll_data to 2024-10-06 00:00:00+00:00, run_after=2024-10-07 00:00:00+00:00
[2024-10-06T15:33:59.056+0000] {processor.py:208} INFO - Processing /opt/airflow/dags/ETL_toll_data.py took 0.241 seconds
[2024-10-06T15:34:29.750+0000] {processor.py:186} INFO - Started process (PID=129) to work on /opt/airflow/dags/ETL_toll_data.py
[2024-10-06T15:34:29.752+0000] {processor.py:914} INFO - Processing file /opt/airflow/dags/ETL_toll_data.py for tasks to queue
[2024-10-06T15:34:29.754+0000] {logging_mixin.py:190} INFO - [2024-10-06T15:34:29.754+0000] {dagbag.py:588} INFO - Filling up the DagBag from /opt/airflow/dags/ETL_toll_data.py
[2024-10-06T15:34:29.788+0000] {processor.py:925} INFO - DAG(s) 'ETL_toll_data' retrieved from /opt/airflow/dags/ETL_toll_data.py
[2024-10-06T15:34:29.840+0000] {logging_mixin.py:190} INFO - [2024-10-06T15:34:29.839+0000] {dag.py:3239} INFO - Sync 1 DAGs
[2024-10-06T15:34:29.877+0000] {logging_mixin.py:190} INFO - [2024-10-06T15:34:29.876+0000] {dag.py:4180} INFO - Setting next_dagrun for ETL_toll_data to 2024-10-06 00:00:00+00:00, run_after=2024-10-07 00:00:00+00:00
[2024-10-06T15:34:30.027+0000] {processor.py:208} INFO - Processing /opt/airflow/dags/ETL_toll_data.py took 0.284 seconds
[2024-10-06T15:35:00.278+0000] {processor.py:186} INFO - Started process (PID=130) to work on /opt/airflow/dags/ETL_toll_data.py
[2024-10-06T15:35:00.279+0000] {processor.py:914} INFO - Processing file /opt/airflow/dags/ETL_toll_data.py for tasks to queue
[2024-10-06T15:35:00.286+0000] {logging_mixin.py:190} INFO - [2024-10-06T15:35:00.285+0000] {dagbag.py:588} INFO - Filling up the DagBag from /opt/airflow/dags/ETL_toll_data.py
[2024-10-06T15:35:00.347+0000] {processor.py:925} INFO - DAG(s) 'ETL_toll_data' retrieved from /opt/airflow/dags/ETL_toll_data.py
[2024-10-06T15:35:00.411+0000] {logging_mixin.py:190} INFO - [2024-10-06T15:35:00.411+0000] {dag.py:3239} INFO - Sync 1 DAGs
[2024-10-06T15:35:00.458+0000] {logging_mixin.py:190} INFO - [2024-10-06T15:35:00.457+0000] {dag.py:4180} INFO - Setting next_dagrun for ETL_toll_data to 2024-10-06 00:00:00+00:00, run_after=2024-10-07 00:00:00+00:00
[2024-10-06T15:35:00.579+0000] {processor.py:208} INFO - Processing /opt/airflow/dags/ETL_toll_data.py took 0.309 seconds
[2024-10-06T15:35:31.273+0000] {processor.py:186} INFO - Started process (PID=131) to work on /opt/airflow/dags/ETL_toll_data.py
[2024-10-06T15:35:31.275+0000] {processor.py:914} INFO - Processing file /opt/airflow/dags/ETL_toll_data.py for tasks to queue
[2024-10-06T15:35:31.277+0000] {logging_mixin.py:190} INFO - [2024-10-06T15:35:31.277+0000] {dagbag.py:588} INFO - Filling up the DagBag from /opt/airflow/dags/ETL_toll_data.py
[2024-10-06T15:35:31.321+0000] {processor.py:925} INFO - DAG(s) 'ETL_toll_data' retrieved from /opt/airflow/dags/ETL_toll_data.py
[2024-10-06T15:35:31.396+0000] {logging_mixin.py:190} INFO - [2024-10-06T15:35:31.395+0000] {dag.py:3239} INFO - Sync 1 DAGs
[2024-10-06T15:35:31.454+0000] {logging_mixin.py:190} INFO - [2024-10-06T15:35:31.454+0000] {dag.py:4180} INFO - Setting next_dagrun for ETL_toll_data to 2024-10-06 00:00:00+00:00, run_after=2024-10-07 00:00:00+00:00
[2024-10-06T15:35:31.536+0000] {processor.py:208} INFO - Processing /opt/airflow/dags/ETL_toll_data.py took 0.270 seconds
[2024-10-06T15:36:01.883+0000] {processor.py:186} INFO - Started process (PID=148) to work on /opt/airflow/dags/ETL_toll_data.py
[2024-10-06T15:36:01.884+0000] {processor.py:914} INFO - Processing file /opt/airflow/dags/ETL_toll_data.py for tasks to queue
[2024-10-06T15:36:01.888+0000] {logging_mixin.py:190} INFO - [2024-10-06T15:36:01.888+0000] {dagbag.py:588} INFO - Filling up the DagBag from /opt/airflow/dags/ETL_toll_data.py
[2024-10-06T15:36:01.921+0000] {processor.py:925} INFO - DAG(s) 'ETL_toll_data' retrieved from /opt/airflow/dags/ETL_toll_data.py
[2024-10-06T15:36:01.969+0000] {logging_mixin.py:190} INFO - [2024-10-06T15:36:01.969+0000] {dag.py:3239} INFO - Sync 1 DAGs
[2024-10-06T15:36:02.003+0000] {logging_mixin.py:190} INFO - [2024-10-06T15:36:02.003+0000] {dag.py:4180} INFO - Setting next_dagrun for ETL_toll_data to 2024-10-06 00:00:00+00:00, run_after=2024-10-07 00:00:00+00:00
[2024-10-06T15:36:02.096+0000] {processor.py:208} INFO - Processing /opt/airflow/dags/ETL_toll_data.py took 0.221 seconds
