[2024-10-06T15:16:08.183+0000] {manager.py:483} INFO - Processing files using up to 1 processes at a time 
[2024-10-06T15:16:08.184+0000] {manager.py:484} INFO - Process each file at most once every 30 seconds
[2024-10-06T15:16:08.184+0000] {manager.py:485} INFO - Checking for new files in /opt/airflow/dags every 300 seconds
[2024-10-06T15:16:08.185+0000] {manager.py:821} INFO - Searching for files in /opt/airflow/dags
[2024-10-06T15:16:08.187+0000] {manager.py:824} INFO - There are 0 files in /opt/airflow/dags
[2024-10-06T15:21:08.542+0000] {manager.py:821} INFO - Searching for files in /opt/airflow/dags
[2024-10-06T15:21:08.569+0000] {manager.py:824} INFO - There are 1 files in /opt/airflow/dags
[2024-10-06T15:21:12.258+0000] {manager.py:997} INFO - 
================================================================================
DAG File Processing Stats

File Path                           PID    Runtime      # DAGs    # Errors  Last Runtime    Last Run               Last # of DB Queries
----------------------------------  -----  ---------  --------  ----------  --------------  -------------------  ----------------------
/opt/airflow/dags/ETL_toll_data.py                           1           0  1.01s           2024-10-06T15:21:09                      45
================================================================================
[2024-10-06T15:21:42.588+0000] {manager.py:997} INFO - 
================================================================================
DAG File Processing Stats

File Path                           PID    Runtime      # DAGs    # Errors  Last Runtime    Last Run               Last # of DB Queries
----------------------------------  -----  ---------  --------  ----------  --------------  -------------------  ----------------------
/opt/airflow/dags/ETL_toll_data.py                           1           0  0.30s           2024-10-06T15:21:40                      12
================================================================================
[2024-10-06T15:22:12.891+0000] {manager.py:997} INFO - 
================================================================================
DAG File Processing Stats

File Path                           PID    Runtime      # DAGs    # Errors  Last Runtime    Last Run               Last # of DB Queries
----------------------------------  -----  ---------  --------  ----------  --------------  -------------------  ----------------------
/opt/airflow/dags/ETL_toll_data.py                           1           0  0.30s           2024-10-06T15:22:11                      12
================================================================================
[2024-10-06T15:22:43.055+0000] {manager.py:997} INFO - 
================================================================================
DAG File Processing Stats

File Path                           PID    Runtime      # DAGs    # Errors  Last Runtime    Last Run               Last # of DB Queries
----------------------------------  -----  ---------  --------  ----------  --------------  -------------------  ----------------------
/opt/airflow/dags/ETL_toll_data.py                           1           0  0.30s           2024-10-06T15:22:43                      12
================================================================================
[2024-10-06T15:23:14.244+0000] {manager.py:997} INFO - 
================================================================================
DAG File Processing Stats

File Path                           PID    Runtime      # DAGs    # Errors  Last Runtime    Last Run               Last # of DB Queries
----------------------------------  -----  ---------  --------  ----------  --------------  -------------------  ----------------------
/opt/airflow/dags/ETL_toll_data.py                           1           0  0.41s           2024-10-06T15:23:14                      12
================================================================================
[2024-10-06T15:23:44.783+0000] {manager.py:997} INFO - 
================================================================================
DAG File Processing Stats

File Path                           PID    Runtime      # DAGs    # Errors  Last Runtime    Last Run               Last # of DB Queries
----------------------------------  -----  ---------  --------  ----------  --------------  -------------------  ----------------------
/opt/airflow/dags/ETL_toll_data.py                           1           0  0.30s           2024-10-06T15:23:44                      12
================================================================================
[2024-10-06T15:24:14.802+0000] {manager.py:997} INFO - 
================================================================================
DAG File Processing Stats

File Path                           PID    Runtime      # DAGs    # Errors  Last Runtime    Last Run               Last # of DB Queries
----------------------------------  -----  ---------  --------  ----------  --------------  -------------------  ----------------------
/opt/airflow/dags/ETL_toll_data.py                           1           0  0.30s           2024-10-06T15:23:44                      12
================================================================================
[2024-10-06T15:24:45.133+0000] {manager.py:997} INFO - 
================================================================================
DAG File Processing Stats

File Path                           PID    Runtime      # DAGs    # Errors  Last Runtime    Last Run               Last # of DB Queries
----------------------------------  -----  ---------  --------  ----------  --------------  -------------------  ----------------------
/opt/airflow/dags/ETL_toll_data.py                           1           0  0.31s           2024-10-06T15:24:15                      12
================================================================================
[2024-10-06T15:25:15.212+0000] {manager.py:997} INFO - 
================================================================================
DAG File Processing Stats

File Path                           PID    Runtime      # DAGs    # Errors  Last Runtime    Last Run               Last # of DB Queries
----------------------------------  -----  ---------  --------  ----------  --------------  -------------------  ----------------------
/opt/airflow/dags/ETL_toll_data.py                           1           0  0.41s           2024-10-06T15:24:46                      12
================================================================================
[2024-10-06T15:25:45.517+0000] {manager.py:997} INFO - 
================================================================================
DAG File Processing Stats

File Path                           PID    Runtime      # DAGs    # Errors  Last Runtime    Last Run               Last # of DB Queries
----------------------------------  -----  ---------  --------  ----------  --------------  -------------------  ----------------------
/opt/airflow/dags/ETL_toll_data.py                           1           0  0.30s           2024-10-06T15:25:17                      12
================================================================================
[2024-10-06T15:26:08.943+0000] {manager.py:821} INFO - Searching for files in /opt/airflow/dags
[2024-10-06T15:26:09.004+0000] {manager.py:824} INFO - There are 1 files in /opt/airflow/dags
[2024-10-06T15:26:15.788+0000] {manager.py:997} INFO - 
================================================================================
DAG File Processing Stats

File Path                           PID    Runtime      # DAGs    # Errors  Last Runtime    Last Run               Last # of DB Queries
----------------------------------  -----  ---------  --------  ----------  --------------  -------------------  ----------------------
/opt/airflow/dags/ETL_toll_data.py                           1           0  0.41s           2024-10-06T15:25:48                      12
================================================================================
[2024-10-06T15:26:46.541+0000] {manager.py:997} INFO - 
================================================================================
DAG File Processing Stats

File Path                           PID    Runtime      # DAGs    # Errors  Last Runtime    Last Run               Last # of DB Queries
----------------------------------  -----  ---------  --------  ----------  --------------  -------------------  ----------------------
/opt/airflow/dags/ETL_toll_data.py                           1           0  0.30s           2024-10-06T15:26:18                      12
================================================================================
[2024-10-06T15:27:16.795+0000] {manager.py:997} INFO - 
================================================================================
DAG File Processing Stats

File Path                           PID    Runtime      # DAGs    # Errors  Last Runtime    Last Run               Last # of DB Queries
----------------------------------  -----  ---------  --------  ----------  --------------  -------------------  ----------------------
/opt/airflow/dags/ETL_toll_data.py                           1           0  0.41s           2024-10-06T15:26:49                      12
================================================================================
[2024-10-06T15:27:47.603+0000] {manager.py:997} INFO - 
================================================================================
DAG File Processing Stats

File Path                           PID    Runtime      # DAGs    # Errors  Last Runtime    Last Run               Last # of DB Queries
----------------------------------  -----  ---------  --------  ----------  --------------  -------------------  ----------------------
/opt/airflow/dags/ETL_toll_data.py                           1           0  0.41s           2024-10-06T15:27:20                      12
================================================================================
[2024-10-06T15:28:18.174+0000] {manager.py:997} INFO - 
================================================================================
DAG File Processing Stats

File Path                           PID    Runtime      # DAGs    # Errors  Last Runtime    Last Run               Last # of DB Queries
----------------------------------  -----  ---------  --------  ----------  --------------  -------------------  ----------------------
/opt/airflow/dags/ETL_toll_data.py                           1           0  0.30s           2024-10-06T15:27:50                      12
================================================================================
[2024-10-06T15:28:48.352+0000] {manager.py:997} INFO - 
================================================================================
DAG File Processing Stats

File Path                           PID    Runtime      # DAGs    # Errors  Last Runtime    Last Run               Last # of DB Queries
----------------------------------  -----  ---------  --------  ----------  --------------  -------------------  ----------------------
/opt/airflow/dags/ETL_toll_data.py                           1           0  0.31s           2024-10-06T15:28:21                      12
================================================================================
[2024-10-06T15:29:18.653+0000] {manager.py:997} INFO - 
================================================================================
DAG File Processing Stats

File Path                           PID    Runtime      # DAGs    # Errors  Last Runtime    Last Run               Last # of DB Queries
----------------------------------  -----  ---------  --------  ----------  --------------  -------------------  ----------------------
/opt/airflow/dags/ETL_toll_data.py                           1           0  0.31s           2024-10-06T15:28:52                      12
================================================================================
[2024-10-06T15:29:48.886+0000] {manager.py:997} INFO - 
================================================================================
DAG File Processing Stats

File Path                           PID    Runtime      # DAGs    # Errors  Last Runtime    Last Run               Last # of DB Queries
----------------------------------  -----  ---------  --------  ----------  --------------  -------------------  ----------------------
/opt/airflow/dags/ETL_toll_data.py                           1           0  0.30s           2024-10-06T15:29:22                      12
================================================================================
[2024-10-06T15:30:18.960+0000] {manager.py:997} INFO - 
================================================================================
DAG File Processing Stats

File Path                           PID    Runtime      # DAGs    # Errors  Last Runtime    Last Run               Last # of DB Queries
----------------------------------  -----  ---------  --------  ----------  --------------  -------------------  ----------------------
/opt/airflow/dags/ETL_toll_data.py                           1           0  0.31s           2024-10-06T15:29:52                      12
================================================================================
[2024-10-06T15:30:49.431+0000] {manager.py:997} INFO - 
================================================================================
DAG File Processing Stats

File Path                           PID    Runtime      # DAGs    # Errors  Last Runtime    Last Run               Last # of DB Queries
----------------------------------  -----  ---------  --------  ----------  --------------  -------------------  ----------------------
/opt/airflow/dags/ETL_toll_data.py                           1           0  0.30s           2024-10-06T15:30:23                      12
================================================================================
[2024-10-06T15:31:09.177+0000] {manager.py:821} INFO - Searching for files in /opt/airflow/dags
[2024-10-06T15:31:09.235+0000] {manager.py:824} INFO - There are 1 files in /opt/airflow/dags
[2024-10-06T15:31:20.081+0000] {manager.py:997} INFO - 
================================================================================
DAG File Processing Stats

File Path                           PID    Runtime      # DAGs    # Errors  Last Runtime    Last Run               Last # of DB Queries
----------------------------------  -----  ---------  --------  ----------  --------------  -------------------  ----------------------
/opt/airflow/dags/ETL_toll_data.py                           1           0  0.30s           2024-10-06T15:30:53                      12
================================================================================
[2024-10-06T15:31:50.423+0000] {manager.py:997} INFO - 
================================================================================
DAG File Processing Stats

File Path                           PID    Runtime      # DAGs    # Errors  Last Runtime    Last Run               Last # of DB Queries
----------------------------------  -----  ---------  --------  ----------  --------------  -------------------  ----------------------
/opt/airflow/dags/ETL_toll_data.py                           1           0  0.31s           2024-10-06T15:31:24                      12
================================================================================
[2024-10-06T15:32:20.810+0000] {manager.py:997} INFO - 
================================================================================
DAG File Processing Stats

File Path                           PID    Runtime      # DAGs    # Errors  Last Runtime    Last Run               Last # of DB Queries
----------------------------------  -----  ---------  --------  ----------  --------------  -------------------  ----------------------
/opt/airflow/dags/ETL_toll_data.py                           1           0  0.41s           2024-10-06T15:31:55                      12
================================================================================
[2024-10-06T15:32:50.826+0000] {manager.py:997} INFO - 
================================================================================
DAG File Processing Stats

File Path                           PID    Runtime      # DAGs    # Errors  Last Runtime    Last Run               Last # of DB Queries
----------------------------------  -----  ---------  --------  ----------  --------------  -------------------  ----------------------
/opt/airflow/dags/ETL_toll_data.py                           1           0  0.30s           2024-10-06T15:32:26                      12
================================================================================
[2024-10-06T15:33:21.613+0000] {manager.py:997} INFO - 
================================================================================
DAG File Processing Stats

File Path                           PID    Runtime      # DAGs    # Errors  Last Runtime    Last Run               Last # of DB Queries
----------------------------------  -----  ---------  --------  ----------  --------------  -------------------  ----------------------
/opt/airflow/dags/ETL_toll_data.py                           1           0  0.41s           2024-10-06T15:32:57                      12
================================================================================
[2024-10-06T15:33:52.664+0000] {manager.py:997} INFO - 
================================================================================
DAG File Processing Stats

File Path                           PID    Runtime      # DAGs    # Errors  Last Runtime    Last Run               Last # of DB Queries
----------------------------------  -----  ---------  --------  ----------  --------------  -------------------  ----------------------
/opt/airflow/dags/ETL_toll_data.py                           1           0  0.41s           2024-10-06T15:33:28                      12
================================================================================
[2024-10-06T15:34:23.661+0000] {manager.py:997} INFO - 
================================================================================
DAG File Processing Stats

File Path                           PID    Runtime      # DAGs    # Errors  Last Runtime    Last Run               Last # of DB Queries
----------------------------------  -----  ---------  --------  ----------  --------------  -------------------  ----------------------
/opt/airflow/dags/ETL_toll_data.py                           1           0  0.30s           2024-10-06T15:33:59                      12
================================================================================
[2024-10-06T15:34:54.790+0000] {manager.py:997} INFO - 
================================================================================
DAG File Processing Stats

File Path                           PID    Runtime      # DAGs    # Errors  Last Runtime    Last Run               Last # of DB Queries
----------------------------------  -----  ---------  --------  ----------  --------------  -------------------  ----------------------
/opt/airflow/dags/ETL_toll_data.py                           1           0  0.41s           2024-10-06T15:34:30                      12
================================================================================
[2024-10-06T15:35:25.363+0000] {manager.py:997} INFO - 
================================================================================
DAG File Processing Stats

File Path                           PID    Runtime      # DAGs    # Errors  Last Runtime    Last Run               Last # of DB Queries
----------------------------------  -----  ---------  --------  ----------  --------------  -------------------  ----------------------
/opt/airflow/dags/ETL_toll_data.py                           1           0  0.41s           2024-10-06T15:35:00                      12
================================================================================
[2024-10-06T15:35:55.368+0000] {manager.py:997} INFO - 
================================================================================
DAG File Processing Stats

File Path                           PID    Runtime      # DAGs    # Errors  Last Runtime    Last Run               Last # of DB Queries
----------------------------------  -----  ---------  --------  ----------  --------------  -------------------  ----------------------
/opt/airflow/dags/ETL_toll_data.py                           1           0  0.31s           2024-10-06T15:35:31                      12
================================================================================
[2024-10-06T15:36:09.938+0000] {manager.py:821} INFO - Searching for files in /opt/airflow/dags
[2024-10-06T15:36:10.018+0000] {manager.py:824} INFO - There are 1 files in /opt/airflow/dags
[2024-10-06T15:36:25.473+0000] {manager.py:997} INFO - 
================================================================================
DAG File Processing Stats

File Path                           PID    Runtime      # DAGs    # Errors  Last Runtime    Last Run               Last # of DB Queries
----------------------------------  -----  ---------  --------  ----------  --------------  -------------------  ----------------------
/opt/airflow/dags/ETL_toll_data.py                           1           0  0.31s           2024-10-06T15:36:02                      12
================================================================================
